Analysis & Synthesis report for Ascensor
Thu Apr 03 12:47:29 2025
Quartus II 64-Bit Version 13.1.0 Build 162 10/23/2013 SJ Web Edition


---------------------
; Table of Contents ;
---------------------
  1. Legal Notice
  2. Analysis & Synthesis Summary
  3. Analysis & Synthesis Settings
  4. Parallel Compilation
  5. Analysis & Synthesis Source Files Read
  6. Analysis & Synthesis Resource Usage Summary
  7. Analysis & Synthesis Resource Utilization by Entity
  8. Registers Removed During Synthesis
  9. General Register Statistics
 10. Inverted Register Statistics
 11. Multiplexer Restructuring Statistics (Restructuring Performed)
 12. Parameter Settings for User Entity Instance: divisor:clk_divider
 13. Parameter Settings for User Entity Instance: identificador_direccion:identificador_direccion_inst|generic_register:RegistroDestino
 14. Port Connectivity Checks: "Deco7seg:display_externo_inst"
 15. Port Connectivity Checks: "Deco7seg:display_interno_inst"
 16. Port Connectivity Checks: "ControlAscensor:control_ascensor_inst"
 17. Port Connectivity Checks: "identificador_direccion:identificador_direccion_inst"
 18. Port Connectivity Checks: "detectar_piso_actual:detectar_piso_actual_inst"
 19. Port Connectivity Checks: "Alarmas:alarmas_inst"
 20. Port Connectivity Checks: "ControladorPuertas:controlador_puertas"
 21. Port Connectivity Checks: "ContadorPersonas:contador_personas"
 22. Elapsed Time Per Partition
 23. Analysis & Synthesis Messages



----------------
; Legal Notice ;
----------------
Copyright (C) 1991-2013 Altera Corporation
Your use of Altera Corporation's design tools, logic functions 
and other software and tools, and its AMPP partner logic 
functions, and any output files from any of the foregoing 
(including device programming or simulation files), and any 
associated documentation or information are expressly subject 
to the terms and conditions of the Altera Program License 
Subscription Agreement, Altera MegaCore Function License 
Agreement, or other applicable license agreement, including, 
without limitation, that your use is for the sole purpose of 
programming logic devices manufactured by Altera and sold by 
Altera or its authorized distributors.  Please refer to the 
applicable agreement for further details.



+---------------------------------------------------------------------------------+
; Analysis & Synthesis Summary                                                    ;
+------------------------------------+--------------------------------------------+
; Analysis & Synthesis Status        ; Successful - Thu Apr 03 12:47:29 2025      ;
; Quartus II 64-Bit Version          ; 13.1.0 Build 162 10/23/2013 SJ Web Edition ;
; Revision Name                      ; Ascensor                                   ;
; Top-level Entity Name              ; Ascensor                                   ;
; Family                             ; Cyclone III                                ;
; Total logic elements               ; 109                                        ;
;     Total combinational functions  ; 98                                         ;
;     Dedicated logic registers      ; 62                                         ;
; Total registers                    ; 62                                         ;
; Total pins                         ; 53                                         ;
; Total virtual pins                 ; 0                                          ;
; Total memory bits                  ; 0                                          ;
; Embedded Multiplier 9-bit elements ; 0                                          ;
; Total PLLs                         ; 0                                          ;
+------------------------------------+--------------------------------------------+


+----------------------------------------------------------------------------------------------------------------------+
; Analysis & Synthesis Settings                                                                                        ;
+----------------------------------------------------------------------------+--------------------+--------------------+
; Option                                                                     ; Setting            ; Default Value      ;
+----------------------------------------------------------------------------+--------------------+--------------------+
; Device                                                                     ; EP3C16F484C6       ;                    ;
; Top-level entity name                                                      ; Ascensor           ; Ascensor           ;
; Family name                                                                ; Cyclone III        ; Cyclone IV GX      ;
; Use smart compilation                                                      ; Off                ; Off                ;
; Enable parallel Assembler and TimeQuest Timing Analyzer during compilation ; On                 ; On                 ;
; Enable compact report table                                                ; Off                ; Off                ;
; Restructure Multiplexers                                                   ; Auto               ; Auto               ;
; Create Debugging Nodes for IP Cores                                        ; Off                ; Off                ;
; Preserve fewer node names                                                  ; On                 ; On                 ;
; Disable OpenCore Plus hardware evaluation                                  ; Off                ; Off                ;
; Verilog Version                                                            ; Verilog_2001       ; Verilog_2001       ;
; VHDL Version                                                               ; VHDL_1993          ; VHDL_1993          ;
; State Machine Processing                                                   ; Auto               ; Auto               ;
; Safe State Machine                                                         ; Off                ; Off                ;
; Extract Verilog State Machines                                             ; On                 ; On                 ;
; Extract VHDL State Machines                                                ; On                 ; On                 ;
; Ignore Verilog initial constructs                                          ; Off                ; Off                ;
; Iteration limit for constant Verilog loops                                 ; 5000               ; 5000               ;
; Iteration limit for non-constant Verilog loops                             ; 250                ; 250                ;
; Add Pass-Through Logic to Inferred RAMs                                    ; On                 ; On                 ;
; Infer RAMs from Raw Logic                                                  ; On                 ; On                 ;
; Parallel Synthesis                                                         ; On                 ; On                 ;
; DSP Block Balancing                                                        ; Auto               ; Auto               ;
; NOT Gate Push-Back                                                         ; On                 ; On                 ;
; Power-Up Don't Care                                                        ; On                 ; On                 ;
; Remove Redundant Logic Cells                                               ; Off                ; Off                ;
; Remove Duplicate Registers                                                 ; On                 ; On                 ;
; Ignore CARRY Buffers                                                       ; Off                ; Off                ;
; Ignore CASCADE Buffers                                                     ; Off                ; Off                ;
; Ignore GLOBAL Buffers                                                      ; Off                ; Off                ;
; Ignore ROW GLOBAL Buffers                                                  ; Off                ; Off                ;
; Ignore LCELL Buffers                                                       ; Off                ; Off                ;
; Ignore SOFT Buffers                                                        ; On                 ; On                 ;
; Limit AHDL Integers to 32 Bits                                             ; Off                ; Off                ;
; Optimization Technique                                                     ; Balanced           ; Balanced           ;
; Carry Chain Length                                                         ; 70                 ; 70                 ;
; Auto Carry Chains                                                          ; On                 ; On                 ;
; Auto Open-Drain Pins                                                       ; On                 ; On                 ;
; Perform WYSIWYG Primitive Resynthesis                                      ; Off                ; Off                ;
; Auto ROM Replacement                                                       ; On                 ; On                 ;
; Auto RAM Replacement                                                       ; On                 ; On                 ;
; Auto DSP Block Replacement                                                 ; On                 ; On                 ;
; Auto Shift Register Replacement                                            ; Auto               ; Auto               ;
; Allow Shift Register Merging across Hierarchies                            ; Auto               ; Auto               ;
; Auto Clock Enable Replacement                                              ; On                 ; On                 ;
; Strict RAM Replacement                                                     ; Off                ; Off                ;
; Allow Synchronous Control Signals                                          ; On                 ; On                 ;
; Force Use of Synchronous Clear Signals                                     ; Off                ; Off                ;
; Auto RAM Block Balancing                                                   ; On                 ; On                 ;
; Auto RAM to Logic Cell Conversion                                          ; Off                ; Off                ;
; Auto Resource Sharing                                                      ; Off                ; Off                ;
; Allow Any RAM Size For Recognition                                         ; Off                ; Off                ;
; Allow Any ROM Size For Recognition                                         ; Off                ; Off                ;
; Allow Any Shift Register Size For Recognition                              ; Off                ; Off                ;
; Use LogicLock Constraints during Resource Balancing                        ; On                 ; On                 ;
; Ignore translate_off and synthesis_off directives                          ; Off                ; Off                ;
; Timing-Driven Synthesis                                                    ; On                 ; On                 ;
; Report Parameter Settings                                                  ; On                 ; On                 ;
; Report Source Assignments                                                  ; On                 ; On                 ;
; Report Connectivity Checks                                                 ; On                 ; On                 ;
; Ignore Maximum Fan-Out Assignments                                         ; Off                ; Off                ;
; Synchronization Register Chain Length                                      ; 2                  ; 2                  ;
; PowerPlay Power Optimization                                               ; Normal compilation ; Normal compilation ;
; HDL message level                                                          ; Level2             ; Level2             ;
; Suppress Register Optimization Related Messages                            ; Off                ; Off                ;
; Number of Removed Registers Reported in Synthesis Report                   ; 5000               ; 5000               ;
; Number of Swept Nodes Reported in Synthesis Report                         ; 5000               ; 5000               ;
; Number of Inverted Registers Reported in Synthesis Report                  ; 100                ; 100                ;
; Clock MUX Protection                                                       ; On                 ; On                 ;
; Auto Gated Clock Conversion                                                ; Off                ; Off                ;
; Block Design Naming                                                        ; Auto               ; Auto               ;
; SDC constraint protection                                                  ; Off                ; Off                ;
; Synthesis Effort                                                           ; Auto               ; Auto               ;
; Shift Register Replacement - Allow Asynchronous Clear Signal               ; On                 ; On                 ;
; Pre-Mapping Resynthesis Optimization                                       ; Off                ; Off                ;
; Analysis & Synthesis Message Level                                         ; Medium             ; Medium             ;
; Disable Register Merging Across Hierarchies                                ; Auto               ; Auto               ;
; Resource Aware Inference For Block RAM                                     ; On                 ; On                 ;
; Synthesis Seed                                                             ; 1                  ; 1                  ;
+----------------------------------------------------------------------------+--------------------+--------------------+


+------------------------------------------+
; Parallel Compilation                     ;
+----------------------------+-------------+
; Processors                 ; Number      ;
+----------------------------+-------------+
; Number detected on machine ; 8           ;
; Maximum allowed            ; 8           ;
;                            ;             ;
; Average used               ; 1.00        ;
; Maximum used               ; 1           ;
;                            ;             ;
; Usage by Processor         ; % Time Used ;
;     Processor 1            ; 100.0%      ;
;     Processors 2-8         ;   0.0%      ;
+----------------------------+-------------+


+-------------------------------------------------------------------------------------------------------------------------------------------------------------------------------------+
; Analysis & Synthesis Source Files Read                                                                                                                                              ;
+--------------------------------------------------------+-----------------+-----------------+------------------------------------------------------------------------------+---------+
; File Name with User-Entered Path                       ; Used in Netlist ; File Type       ; File Name with Absolute Path                                                 ; Library ;
+--------------------------------------------------------+-----------------+-----------------+------------------------------------------------------------------------------+---------+
; ../identificador_direccion/identificador_direccion.vhd ; yes             ; User VHDL File  ; C:/altera/13.1/ASCENSOR2/identificador_direccion/identificador_direccion.vhd ;         ;
; ../gestion_externas/gestion_externas.vhd               ; yes             ; User VHDL File  ; C:/altera/13.1/ASCENSOR2/gestion_externas/gestion_externas.vhd               ;         ;
; ../gestion_cabina/gestion_cabina.vhd                   ; yes             ; User VHDL File  ; C:/altera/13.1/ASCENSOR2/gestion_cabina/gestion_cabina.vhd                   ;         ;
; ../generic_register/generic_register.vhd               ; yes             ; User VHDL File  ; C:/altera/13.1/ASCENSOR2/generic_register/generic_register.vhd               ;         ;
; ../divisor/divisor.vhd                                 ; yes             ; User VHDL File  ; C:/altera/13.1/ASCENSOR2/divisor/divisor.vhd                                 ;         ;
; ../detectar_piso_actual/detectar_piso_actual.vhd       ; yes             ; User VHDL File  ; C:/altera/13.1/ASCENSOR2/detectar_piso_actual/detectar_piso_actual.vhd       ;         ;
; ../Deco7seg/Deco7seg.vhd                               ; yes             ; User VHDL File  ; C:/altera/13.1/ASCENSOR2/Deco7seg/Deco7seg.vhd                               ;         ;
; ../ControlAscensor/ControlAscensor.vhd                 ; yes             ; User VHDL File  ; C:/altera/13.1/ASCENSOR2/ControlAscensor/ControlAscensor.vhd                 ;         ;
; ../controladorpuertas/controladorpuertas.vhd           ; yes             ; User VHDL File  ; C:/altera/13.1/ASCENSOR2/controladorpuertas/controladorpuertas.vhd           ;         ;
; ../contadorpersonas/contadorpersonas.vhd               ; yes             ; User VHDL File  ; C:/altera/13.1/ASCENSOR2/contadorpersonas/contadorpersonas.vhd               ;         ;
; ../alarmas/alarmas.vhd                                 ; yes             ; User VHDL File  ; C:/altera/13.1/ASCENSOR2/alarmas/alarmas.vhd                                 ;         ;
; Ascensor.vhd                                           ; yes             ; User VHDL File  ; C:/altera/13.1/ASCENSOR2/Ascensor/Ascensor.vhd                               ;         ;
+--------------------------------------------------------+-----------------+-----------------+------------------------------------------------------------------------------+---------+


+------------------------------------------------------------------------+
; Analysis & Synthesis Resource Usage Summary                            ;
+---------------------------------------------+--------------------------+
; Resource                                    ; Usage                    ;
+---------------------------------------------+--------------------------+
; Estimated Total logic elements              ; 109                      ;
;                                             ;                          ;
; Total combinational functions               ; 98                       ;
; Logic element usage by number of LUT inputs ;                          ;
;     -- 4 input functions                    ; 26                       ;
;     -- 3 input functions                    ; 30                       ;
;     -- <=2 input functions                  ; 42                       ;
;                                             ;                          ;
; Logic elements by mode                      ;                          ;
;     -- normal mode                          ; 71                       ;
;     -- arithmetic mode                      ; 27                       ;
;                                             ;                          ;
; Total registers                             ; 62                       ;
;     -- Dedicated logic registers            ; 62                       ;
;     -- I/O registers                        ; 0                        ;
;                                             ;                          ;
; I/O pins                                    ; 53                       ;
; Embedded Multiplier 9-bit elements          ; 0                        ;
; Maximum fan-out node                        ; divisor:clk_divider|out1 ;
; Maximum fan-out                             ; 36                       ;
; Total fan-out                               ; 511                      ;
; Average fan-out                             ; 1.92                     ;
+---------------------------------------------+--------------------------+


+----------------------------------------------------------------------------------------------------------------------------------------------------------------------------------------------------------------------------------------------------------------------------------------+
; Analysis & Synthesis Resource Utilization by Entity                                                                                                                                                                                                                                    ;
+-----------------------------------------------------------+-------------------+--------------+-------------+--------------+---------+-----------+------+--------------+-------------------------------------------------------------------------------------------------+--------------+
; Compilation Hierarchy Node                                ; LC Combinationals ; LC Registers ; Memory Bits ; DSP Elements ; DSP 9x9 ; DSP 18x18 ; Pins ; Virtual Pins ; Full Hierarchy Name                                                                             ; Library Name ;
+-----------------------------------------------------------+-------------------+--------------+-------------+--------------+---------+-----------+------+--------------+-------------------------------------------------------------------------------------------------+--------------+
; |Ascensor                                                 ; 98 (0)            ; 62 (0)       ; 0           ; 0            ; 0       ; 0         ; 53   ; 0            ; |Ascensor                                                                                       ; work         ;
;    |Alarmas:alarmas_inst|                                 ; 0 (0)             ; 2 (2)        ; 0           ; 0            ; 0       ; 0         ; 0    ; 0            ; |Ascensor|Alarmas:alarmas_inst                                                                  ; work         ;
;    |ContadorPersonas:contador_personas|                   ; 9 (9)             ; 9 (9)        ; 0           ; 0            ; 0       ; 0         ; 0    ; 0            ; |Ascensor|ContadorPersonas:contador_personas                                                    ; work         ;
;    |ControlAscensor:control_ascensor_inst|                ; 2 (2)             ; 1 (1)        ; 0           ; 0            ; 0       ; 0         ; 0    ; 0            ; |Ascensor|ControlAscensor:control_ascensor_inst                                                 ; work         ;
;    |ControladorPuertas:controlador_puertas|               ; 2 (2)             ; 1 (1)        ; 0           ; 0            ; 0       ; 0         ; 0    ; 0            ; |Ascensor|ControladorPuertas:controlador_puertas                                                ; work         ;
;    |Deco7seg:display_externo_inst|                        ; 7 (7)             ; 0 (0)        ; 0           ; 0            ; 0       ; 0         ; 0    ; 0            ; |Ascensor|Deco7seg:display_externo_inst                                                         ; work         ;
;    |Deco7seg:display_personas_inst|                       ; 7 (7)             ; 0 (0)        ; 0           ; 0            ; 0       ; 0         ; 0    ; 0            ; |Ascensor|Deco7seg:display_personas_inst                                                        ; work         ;
;    |divisor:clk_divider|                                  ; 45 (45)           ; 26 (26)      ; 0           ; 0            ; 0       ; 0         ; 0    ; 0            ; |Ascensor|divisor:clk_divider                                                                   ; work         ;
;    |gestion_cabina:gestion_cabina_inst|                   ; 5 (5)             ; 5 (5)        ; 0           ; 0            ; 0       ; 0         ; 0    ; 0            ; |Ascensor|gestion_cabina:gestion_cabina_inst                                                    ; work         ;
;    |gestion_externas:gestion_externas_inst|               ; 8 (8)             ; 8 (8)        ; 0           ; 0            ; 0       ; 0         ; 0    ; 0            ; |Ascensor|gestion_externas:gestion_externas_inst                                                ; work         ;
;    |identificador_direccion:identificador_direccion_inst| ; 13 (12)           ; 10 (7)       ; 0           ; 0            ; 0       ; 0         ; 0    ; 0            ; |Ascensor|identificador_direccion:identificador_direccion_inst                                  ; work         ;
;       |generic_register:RegistroDestino|                  ; 1 (1)             ; 3 (3)        ; 0           ; 0            ; 0       ; 0         ; 0    ; 0            ; |Ascensor|identificador_direccion:identificador_direccion_inst|generic_register:RegistroDestino ; work         ;
+-----------------------------------------------------------+-------------------+--------------+-------------+--------------+---------+-----------+------+--------------+-------------------------------------------------------------------------------------------------+--------------+
Note: For table entries with two numbers listed, the numbers in parentheses indicate the number of resources of the given type used by the specific entity alone. The numbers listed outside of parentheses indicate the total resources of the given type used by the specific entity and all of its sub-entities in the hierarchy.


+-------------------------------------------------------------------------------------------------------------------------------------------------------+
; Registers Removed During Synthesis                                                                                                                    ;
+----------------------------------------------------------------------------+--------------------------------------------------------------------------+
; Register name                                                              ; Reason for Removal                                                       ;
+----------------------------------------------------------------------------+--------------------------------------------------------------------------+
; identificador_direccion:identificador_direccion_inst|direccion_actual[0,1] ; Stuck at GND due to stuck port data_in                                   ;
; ControlAscensor:control_ascensor_inst|clear_request[0..4]                  ; Merged with ControlAscensor:control_ascensor_inst|clear_request_bajar[0] ;
; ControlAscensor:control_ascensor_inst|clear_request_subir[0..3]            ; Merged with ControlAscensor:control_ascensor_inst|clear_request_bajar[0] ;
; ControlAscensor:control_ascensor_inst|clear_request_bajar[1..3]            ; Merged with ControlAscensor:control_ascensor_inst|clear_request_bajar[0] ;
; detectar_piso_actual:detectar_piso_actual_inst|piso[1]                     ; Merged with detectar_piso_actual:detectar_piso_actual_inst|piso[2]       ;
; ControladorPuertas:controlador_puertas|puerta_abierta                      ; Merged with ControladorPuertas:controlador_puertas|estado_puerta         ;
; detectar_piso_actual:detectar_piso_actual_inst|piso[0]                     ; Stuck at VCC due to stuck port data_in                                   ;
; detectar_piso_actual:detectar_piso_actual_inst|piso[2]                     ; Stuck at GND due to stuck port data_in                                   ;
; Total Number of Removed Registers = 18                                     ;                                                                          ;
+----------------------------------------------------------------------------+--------------------------------------------------------------------------+


+------------------------------------------------------+
; General Register Statistics                          ;
+----------------------------------------------+-------+
; Statistic                                    ; Value ;
+----------------------------------------------+-------+
; Total registers                              ; 62    ;
; Number of registers using Synchronous Clear  ; 0     ;
; Number of registers using Synchronous Load   ; 0     ;
; Number of registers using Asynchronous Clear ; 25    ;
; Number of registers using Asynchronous Load  ; 0     ;
; Number of registers using Clock Enable       ; 13    ;
; Number of registers using Preset             ; 0     ;
+----------------------------------------------+-------+


+----------------------------------------------------------------------------------------+
; Inverted Register Statistics                                                           ;
+------------------------------------------------------------------------------+---------+
; Inverted Register                                                            ; Fan out ;
+------------------------------------------------------------------------------+---------+
; Alarmas:alarmas_inst|led_puerta_cie                                          ; 1       ;
; identificador_direccion:identificador_direccion_inst|destino_int[0]          ; 2       ;
; identificador_direccion:identificador_direccion_inst|ultimo_piso_atendido[0] ; 1       ;
; Total number of inverted registers = 3                                       ;         ;
+------------------------------------------------------------------------------+---------+


+------------------------------------------------------------------------------------------------------------------------------------------------------------------------+
; Multiplexer Restructuring Statistics (Restructuring Performed)                                                                                                         ;
+--------------------+-----------+---------------+----------------------+------------------------+------------+----------------------------------------------------------+
; Multiplexer Inputs ; Bus Width ; Baseline Area ; Area if Restructured ; Saving if Restructured ; Registered ; Example Multiplexer Output                               ;
+--------------------+-----------+---------------+----------------------+------------------------+------------+----------------------------------------------------------+
; 3:1                ; 4 bits    ; 8 LEs         ; 0 LEs                ; 8 LEs                  ; Yes        ; |Ascensor|ContadorPersonas:contador_personas|contador[1] ;
+--------------------+-----------+---------------+----------------------+------------------------+------------+----------------------------------------------------------+


+------------------------------------------------------------------+
; Parameter Settings for User Entity Instance: divisor:clk_divider ;
+----------------+----------+--------------------------------------+
; Parameter Name ; Value    ; Type                                 ;
+----------------+----------+--------------------------------------+
; divider        ; 25000000 ; Signed Integer                       ;
+----------------+----------+--------------------------------------+
Note: In order to hide this table in the UI and the text report file, please set the "Show Parameter Settings in Synthesis Report" option in "Analysis and Synthesis Settings -> More Settings" to "Off".


+------------------------------------------------------------------------------------------------------------------------------------+
; Parameter Settings for User Entity Instance: identificador_direccion:identificador_direccion_inst|generic_register:RegistroDestino ;
+----------------+-------+-----------------------------------------------------------------------------------------------------------+
; Parameter Name ; Value ; Type                                                                                                      ;
+----------------+-------+-----------------------------------------------------------------------------------------------------------+
; width          ; 3     ; Signed Integer                                                                                            ;
+----------------+-------+-----------------------------------------------------------------------------------------------------------+
Note: In order to hide this table in the UI and the text report file, please set the "Show Parameter Settings in Synthesis Report" option in "Analysis and Synthesis Settings -> More Settings" to "Off".


+-----------------------------------------------------------+
; Port Connectivity Checks: "Deco7seg:display_externo_inst" ;
+--------+-------+----------+-------------------------------+
; Port   ; Type  ; Severity ; Details                       ;
+--------+-------+----------+-------------------------------+
; bcd[3] ; Input ; Info     ; Stuck at GND                  ;
+--------+-------+----------+-------------------------------+


+-----------------------------------------------------------+
; Port Connectivity Checks: "Deco7seg:display_interno_inst" ;
+--------+-------+----------+-------------------------------+
; Port   ; Type  ; Severity ; Details                       ;
+--------+-------+----------+-------------------------------+
; bcd[3] ; Input ; Info     ; Stuck at GND                  ;
+--------+-------+----------+-------------------------------+


+------------------------------------------------------------------------------------------------------------------------+
; Port Connectivity Checks: "ControlAscensor:control_ascensor_inst"                                                      ;
+--------------+--------+----------+-------------------------------------------------------------------------------------+
; Port         ; Type   ; Severity ; Details                                                                             ;
+--------------+--------+----------+-------------------------------------------------------------------------------------+
; motor_subir  ; Output ; Info     ; Connected to dangling logic. Logic that only feeds a dangling port will be removed. ;
; motor_bajar  ; Output ; Info     ; Connected to dangling logic. Logic that only feeds a dangling port will be removed. ;
; llegada_piso ; Output ; Info     ; Connected to dangling logic. Logic that only feeds a dangling port will be removed. ;
+--------------+--------+----------+-------------------------------------------------------------------------------------+


+-----------------------------------------------------------------------------------------------------------------------+
; Port Connectivity Checks: "identificador_direccion:identificador_direccion_inst"                                      ;
+-------------+--------+----------+-------------------------------------------------------------------------------------+
; Port        ; Type   ; Severity ; Details                                                                             ;
+-------------+--------+----------+-------------------------------------------------------------------------------------+
; motor_subir ; Output ; Info     ; Connected to dangling logic. Logic that only feeds a dangling port will be removed. ;
; motor_bajar ; Output ; Info     ; Connected to dangling logic. Logic that only feeds a dangling port will be removed. ;
+-------------+--------+----------+-------------------------------------------------------------------------------------+


+-----------------------------------------------------------------------------------------------------------------------+
; Port Connectivity Checks: "detectar_piso_actual:detectar_piso_actual_inst"                                            ;
+-------------+--------+----------+-------------------------------------------------------------------------------------+
; Port        ; Type   ; Severity ; Details                                                                             ;
+-------------+--------+----------+-------------------------------------------------------------------------------------+
; motor_subir ; Output ; Info     ; Connected to dangling logic. Logic that only feeds a dangling port will be removed. ;
; motor_bajar ; Output ; Info     ; Connected to dangling logic. Logic that only feeds a dangling port will be removed. ;
+-------------+--------+----------+-------------------------------------------------------------------------------------+


+---------------------------------------------------------------------------------------------------------------------------------------------------------------------------------+
; Port Connectivity Checks: "Alarmas:alarmas_inst"                                                                                                                                ;
+---------------+-------+----------+----------------------------------------------------------------------------------------------------------------------------------------------+
; Port          ; Type  ; Severity ; Details                                                                                                                                      ;
+---------------+-------+----------+----------------------------------------------------------------------------------------------------------------------------------------------+
; abrir_puerta  ; Input ; Warning  ; Declared by entity but not connected by instance. If a default value exists, it will be used.  Otherwise, the port will be connected to GND. ;
; cerrar_puerta ; Input ; Warning  ; Declared by entity but not connected by instance. If a default value exists, it will be used.  Otherwise, the port will be connected to GND. ;
+---------------+-------+----------+----------------------------------------------------------------------------------------------------------------------------------------------+


+------------------------------------------------------------------------------------------------------------------------+
; Port Connectivity Checks: "ControladorPuertas:controlador_puertas"                                                     ;
+--------------+--------+----------+-------------------------------------------------------------------------------------+
; Port         ; Type   ; Severity ; Details                                                                             ;
+--------------+--------+----------+-------------------------------------------------------------------------------------+
; llegada_piso ; Output ; Info     ; Connected to dangling logic. Logic that only feeds a dangling port will be removed. ;
+--------------+--------+----------+-------------------------------------------------------------------------------------+


+-----------------------------------------------------------------------------------------------------------------+
; Port Connectivity Checks: "ContadorPersonas:contador_personas"                                                  ;
+-------+--------+----------+-------------------------------------------------------------------------------------+
; Port  ; Type   ; Severity ; Details                                                                             ;
+-------+--------+----------+-------------------------------------------------------------------------------------+
; luces ; Output ; Info     ; Connected to dangling logic. Logic that only feeds a dangling port will be removed. ;
+-------+--------+----------+-------------------------------------------------------------------------------------+


+-------------------------------+
; Elapsed Time Per Partition    ;
+----------------+--------------+
; Partition Name ; Elapsed Time ;
+----------------+--------------+
; Top            ; 00:00:00     ;
+----------------+--------------+


+-------------------------------+
; Analysis & Synthesis Messages ;
+-------------------------------+
Info: *******************************************************************
Info: Running Quartus II 64-Bit Analysis & Synthesis
    Info: Version 13.1.0 Build 162 10/23/2013 SJ Web Edition
    Info: Processing started: Thu Apr 03 12:47:27 2025
Info: Command: quartus_map --read_settings_files=on --write_settings_files=off Ascensor -c Ascensor
Info (20030): Parallel compilation is enabled and will use 8 of the 8 processors detected
Info (12021): Found 2 design units, including 1 entities, in source file /altera/13.1/ascensor2/identificador_direccion/identificador_direccion.vhd
    Info (12022): Found design unit 1: identificador_direccion-Behavioral
    Info (12023): Found entity 1: identificador_direccion
Info (12021): Found 2 design units, including 1 entities, in source file /altera/13.1/ascensor2/gestion_externas/gestion_externas.vhd
    Info (12022): Found design unit 1: gestion_externas-Behavioral
    Info (12023): Found entity 1: gestion_externas
Info (12021): Found 2 design units, including 1 entities, in source file /altera/13.1/ascensor2/gestion_cabina/gestion_cabina.vhd
    Info (12022): Found design unit 1: gestion_cabina-Behavioral
    Info (12023): Found entity 1: gestion_cabina
Info (12021): Found 2 design units, including 1 entities, in source file /altera/13.1/ascensor2/generic_register/generic_register.vhd
    Info (12022): Found design unit 1: generic_register-Behavioral
    Info (12023): Found entity 1: generic_register
Info (12021): Found 2 design units, including 1 entities, in source file /altera/13.1/ascensor2/divisor/divisor.vhd
    Info (12022): Found design unit 1: divisor-Behavioral
    Info (12023): Found entity 1: divisor
Info (12021): Found 2 design units, including 1 entities, in source file /altera/13.1/ascensor2/detectar_piso_actual/detectar_piso_actual.vhd
    Info (12022): Found design unit 1: detectar_piso_actual-Behavioral
    Info (12023): Found entity 1: detectar_piso_actual
Info (12021): Found 2 design units, including 1 entities, in source file /altera/13.1/ascensor2/des2/des2.vhd
    Info (12022): Found design unit 1: Des2-Behavioral
    Info (12023): Found entity 1: Des2
Info (12021): Found 2 design units, including 1 entities, in source file /altera/13.1/ascensor2/deco7seg/deco7seg.vhd
    Info (12022): Found design unit 1: Deco7seg-Behavioral
    Info (12023): Found entity 1: Deco7seg
Info (12021): Found 2 design units, including 1 entities, in source file /altera/13.1/ascensor2/controlascensor/controlascensor.vhd
    Info (12022): Found design unit 1: ControlAscensor-Behavioral
    Info (12023): Found entity 1: ControlAscensor
Info (12021): Found 2 design units, including 1 entities, in source file /altera/13.1/ascensor2/controladorpuertas/controladorpuertas.vhd
    Info (12022): Found design unit 1: ControladorPuertas-Behavioral
    Info (12023): Found entity 1: ControladorPuertas
Info (12021): Found 2 design units, including 1 entities, in source file /altera/13.1/ascensor2/contadorpersonas/contadorpersonas.vhd
    Info (12022): Found design unit 1: ContadorPersonas-Behavioral
    Info (12023): Found entity 1: ContadorPersonas
Info (12021): Found 2 design units, including 1 entities, in source file /altera/13.1/ascensor2/alarmas/alarmas.vhd
    Info (12022): Found design unit 1: Alarmas-Behavioral
    Info (12023): Found entity 1: Alarmas
Info (12021): Found 2 design units, including 1 entities, in source file ascensor.vhd
    Info (12022): Found design unit 1: Ascensor-Behavioral
    Info (12023): Found entity 1: Ascensor
Info (12127): Elaborating entity "Ascensor" for the top level hierarchy
Warning (10541): VHDL Signal Declaration warning at Ascensor.vhd(34): used implicit default value for signal "MOTOR_SUBIR" because signal was never assigned a value or an explicit default value. Use of implicit default value may introduce unintended design optimizations.
Warning (10541): VHDL Signal Declaration warning at Ascensor.vhd(35): used implicit default value for signal "MOTOR_BAJAR" because signal was never assigned a value or an explicit default value. Use of implicit default value may introduce unintended design optimizations.
Warning (10541): VHDL Signal Declaration warning at Ascensor.vhd(36): used implicit default value for signal "PUERTA" because signal was never assigned a value or an explicit default value. Use of implicit default value may introduce unintended design optimizations.
Warning (10541): VHDL Signal Declaration warning at Ascensor.vhd(37): used implicit default value for signal "LLEGADA_PISO" because signal was never assigned a value or an explicit default value. Use of implicit default value may introduce unintended design optimizations.
Warning (10541): VHDL Signal Declaration warning at Ascensor.vhd(38): used implicit default value for signal "SOBRECARGA" because signal was never assigned a value or an explicit default value. Use of implicit default value may introduce unintended design optimizations.
Warning (10036): Verilog HDL or VHDL warning at Ascensor.vhd(64): object "motor_subir_signal" assigned a value but never read
Warning (10036): Verilog HDL or VHDL warning at Ascensor.vhd(65): object "motor_bajar_signal" assigned a value but never read
Warning (10036): Verilog HDL or VHDL warning at Ascensor.vhd(68): object "llegada_piso_signal" assigned a value but never read
Info (12128): Elaborating entity "divisor" for hierarchy "divisor:clk_divider"
Info (12128): Elaborating entity "ContadorPersonas" for hierarchy "ContadorPersonas:contador_personas"
Info (12128): Elaborating entity "ControladorPuertas" for hierarchy "ControladorPuertas:controlador_puertas"
Warning (10492): VHDL Process Statement warning at controladorpuertas.vhd(23): signal "fallo_energia" is read inside the Process Statement but isn't in the Process Statement's sensitivity list
Warning (10030): Net "llegada_piso" at controladorpuertas.vhd(8) has no driver or initial value, using a default initial value '0'
Info (12128): Elaborating entity "Alarmas" for hierarchy "Alarmas:alarmas_inst"
Info (12128): Elaborating entity "gestion_cabina" for hierarchy "gestion_cabina:gestion_cabina_inst"
Info (12128): Elaborating entity "detectar_piso_actual" for hierarchy "detectar_piso_actual:detectar_piso_actual_inst"
Warning (10030): Net "motor_subir" at detectar_piso_actual.vhd(9) has no driver or initial value, using a default initial value '0'
Warning (10030): Net "motor_bajar" at detectar_piso_actual.vhd(10) has no driver or initial value, using a default initial value '0'
Info (12128): Elaborating entity "gestion_externas" for hierarchy "gestion_externas:gestion_externas_inst"
Info (12128): Elaborating entity "identificador_direccion" for hierarchy "identificador_direccion:identificador_direccion_inst"
Warning (10030): Net "motor_subir" at identificador_direccion.vhd(9) has no driver or initial value, using a default initial value '0'
Warning (10030): Net "motor_bajar" at identificador_direccion.vhd(10) has no driver or initial value, using a default initial value '0'
Info (12128): Elaborating entity "generic_register" for hierarchy "identificador_direccion:identificador_direccion_inst|generic_register:RegistroDestino"
Info (12128): Elaborating entity "ControlAscensor" for hierarchy "ControlAscensor:control_ascensor_inst"
Warning (10492): VHDL Process Statement warning at ControlAscensor.vhd(33): signal "fallo_energia" is read inside the Process Statement but isn't in the Process Statement's sensitivity list
Warning (10492): VHDL Process Statement warning at ControlAscensor.vhd(33): signal "sobrecarga" is read inside the Process Statement but isn't in the Process Statement's sensitivity list
Info (12128): Elaborating entity "Deco7seg" for hierarchy "Deco7seg:display_interno_inst"
Warning (12241): 1 hierarchies have connectivity warnings - see the Connectivity Checks report folder
Info (13000): Registers with preset signals will power-up high
Info (13003): DEV_CLRn pin will set, and not reset, register with preset signal due to NOT Gate Push-Back
Warning (13024): Output pins are stuck at VCC or GND
    Warning (13410): Pin "DISPLAY_INTERNO[0]" is stuck at VCC
    Warning (13410): Pin "DISPLAY_INTERNO[1]" is stuck at GND
    Warning (13410): Pin "DISPLAY_INTERNO[2]" is stuck at GND
    Warning (13410): Pin "DISPLAY_INTERNO[3]" is stuck at VCC
    Warning (13410): Pin "DISPLAY_INTERNO[4]" is stuck at VCC
    Warning (13410): Pin "DISPLAY_INTERNO[5]" is stuck at VCC
    Warning (13410): Pin "DISPLAY_INTERNO[6]" is stuck at VCC
    Warning (13410): Pin "MOTOR_SUBIR" is stuck at GND
    Warning (13410): Pin "MOTOR_BAJAR" is stuck at GND
    Warning (13410): Pin "PUERTA" is stuck at GND
    Warning (13410): Pin "LLEGADA_PISO" is stuck at GND
    Warning (13410): Pin "SOBRECARGA" is stuck at GND
Info (286030): Timing-Driven Synthesis is running
Info (16010): Generating hard_block partition "hard_block:auto_generated_inst"
    Info (16011): Adding 0 node(s), including 0 DDIO, 0 PLL, 0 transceiver and 0 LCELL
Info (21057): Implemented 164 device resources after synthesis - the final resource count might be different
    Info (21058): Implemented 21 input pins
    Info (21059): Implemented 32 output pins
    Info (21061): Implemented 111 logic cells
Info: Quartus II 64-Bit Analysis & Synthesis was successful. 0 errors, 30 warnings
    Info: Peak virtual memory: 4702 megabytes
    Info: Processing ended: Thu Apr 03 12:47:29 2025
    Info: Elapsed time: 00:00:02
    Info: Total CPU time (on all processors): 00:00:02


